// Jest Snapshot v1, https://goo.gl/fbAQLP

exports[`Button component Button component renders correctly 1`] = `
<div
  className="tools_elem"
>
  <button
    className="btn"
    onClick={[Function]}
  >
    Сохранить в png
  </button>
  <button
    className="btn"
    onClick={[Function]}
  >
    Скопировать баннер в буфер как html
  </button>
  <button
    className="btn"
  >
    Скопировать конфигурацию как json
  </button>
</div>
`;
